// Vitest Snapshot v1, https://vitest.dev/guide/snapshot.html

exports[`Js Plugin Execution - transformHtml 1`] = `
"<!doctype html><html lang=en><meta charset=UTF-8><meta name=viewport content="width=device-width,initial-scale=1.0">{head}{style}<title>Document</title><script data-farm-entry-script=true>
(globalThis || window || global)['f081367f80fe14896375a9f8b8918ca3'] = {};
(globalThis || window || global)['f081367f80fe14896375a9f8b8918ca3'] = {
  __FARM_TARGET_ENV__: 'browser',
};</script><script data-farm-entry-script=true>(function(r,e){var t={};function n(r){return Promise.resolve(o(r))}function o(e){if(t[e])return t[e].exports;var i={id:e,exports:{}};r[e](i,i.exports,o,n);t[e]=i;return i.exports}o(e)})({"433f8f8e":function  (e,t,n,u){"use strict";Object.defineProperty(t,"__esModule",{value:!0}),function(e,t){for(var n in t)Object.defineProperty(e,n,{enumerable:!0,get:t[n]});}(t,{ModuleSystem:function(){return f.ModuleSystem;},Plugin:function(){return l.FarmRuntimePlugin;}});let _=n("b15359af")._(n("52b7cefa")),f=n("ed7c2b04"),l=n("c30e104f");n("d9ce229e").__farm_global_this__.__farm_module_system__=(function(){let e=new f.ModuleSystem;return function(){return e;};})()(),(globalThis||window||global).f081367f80fe14896375a9f8b8918ca3.__farm_module_system__.setPlugins([_.default]);},"52b7cefa":function  (e,t,o,r){"use strict";Object.defineProperty(t,"__esModule",{value:!0}),Object.defineProperty(t,"default",{enumerable:!0,get:function(){return s;}});let n="undefined"!=typeof globalThis?globalThis:window,s={name:"farm-runtime-import-meta",_moduleSystem:{},bootstrap(e){this._moduleSystem=e;},moduleCreated(e){e.meta.env={mode:process.env.NODE_ENV,dev:"development"===process.env.NODE_ENV,prod:"production"===process.env.NODE_ENV};let t=this._moduleSystem.publicPaths?.[0]||"",{location:o}=n,r=o?\`\${o.protocol}//\${o.host}\${t.replace(/\\/$/,"")}/\${e.id}?t=\${Date.now()}\`:e.resource_pot;e.meta.url=r;}};},"966536f1":function  (e,t,r,n){"use strict";function o(e){if("function"!=typeof WeakMap)return null;var t=new WeakMap,r=new WeakMap;return(o=function(e){return e?r:t;})(e);}function u(e,t){if(!t&&e&&e.__esModule)return e;if(null===e||"object"!=typeof e&&"function"!=typeof e)return{default:e};var r=o(t);if(r&&r.has(e))return r.get(e);var n={__proto__:null},u=Object.defineProperty&&Object.getOwnPropertyDescriptor;for(var f in e)if("default"!==f&&Object.prototype.hasOwnProperty.call(e,f)){var i=u?Object.getOwnPropertyDescriptor(e,f):null;i&&(i.get||i.set)?Object.defineProperty(n,f,i):n[f]=e[f];}return n.default=e,r&&r.set(e,n),n;}Object.defineProperty(t,"__esModule",{value:!0}),function(e,t){for(var r in t)Object.defineProperty(e,r,{enumerable:!0,get:t[r]});}(t,{_:function(){return u;},_interop_require_wildcard:function(){return u;}});},"b15359af":function  (e,n,t,r){"use strict";function u(e){return e&&e.__esModule?e:{default:e};}Object.defineProperty(n,"__esModule",{value:!0}),function(e,n){for(var t in n)Object.defineProperty(e,t,{enumerable:!0,get:n[t]});}(n,{_:function(){return u;},_interop_require_default:function(){return u;}});},"c30e104f":function  (e,t,i,l){"use strict";Object.defineProperty(t,"__esModule",{value:!0}),Object.defineProperty(t,"FarmRuntimePluginContainer",{enumerable:!0,get:function(){return n;}});class n{plugins=[];constructor(e){this.plugins=e;}hookSerial(e,...t){for(let i of this.plugins){let l=i[e];l&&l.apply(i,t);}}hookBail(e,...t){for(let i of this.plugins){let l=i[e];if(l){let e=l.apply(i,t);if(e)return e;}}}}},"d2805128":function  (e,t,r,i){"use strict";Object.defineProperty(t,"__esModule",{value:!0}),Object.defineProperty(t,"Module",{enumerable:!0,get:function(){return s;}});class s{id;exports;resource_pot;meta;require;constructor(e,t){this.id=e,this.exports={},this.meta={env:{}},this.require=t;}}},"d9ce229e":function  (module,exports,farmRequire,farmDynamicRequire){"use strict";function _export(e,t){for(var r in t)Object.defineProperty(e,r,{enumerable:!0,get:t[r]});}Object.defineProperty(exports,"__esModule",{value:!0}),_export(exports,{ResourceLoader:function(){return ResourceLoader;},__farm_global_this__:function(){return __farm_global_this__;},isBrowser:function(){return isBrowser;},targetEnv:function(){return targetEnv;}});let __farm_global_this__=eval("(globalThis || window || global)['f081367f80fe14896375a9f8b8918ca3']"),targetEnv=__farm_global_this__.__FARM_TARGET_ENV__||"node",isBrowser="browser"===targetEnv&&(globalThis||window).document;class ResourceLoader{moduleSystem;_loadedResources;_loadingResources;publicPaths;constructor(e,t){this.moduleSystem=e,this._loadedResources={},this._loadingResources={},this.publicPaths=t;}load(e,t=0){if(!isBrowser){let t=this.moduleSystem.pluginContainer.hookBail("loadResource",e);if(t)return t.then(t=>{if(!t.success&&t.retryWithDefaultResourceLoader){if("script"===e.type)return this._loadScript(\`./\${e.path}\`);if("link"===e.type)return this._loadLink(\`./\${e.path}\`);}else if(!t.success)throw Error(\`[Farm] Failed to load resource: "\${e.path}, type: \${e.type}". Original Error: \${t.err}\`);});if("script"===e.type)return this._loadScript(\`./\${e.path}\`);if("link"===e.type)return this._loadLink(\`./\${e.path}\`);}let r=this.publicPaths[t],o=\`\${r.endsWith("/")?r.slice(0,-1):r}/\${e.path}\`;if(this._loadedResources[e.path])return;if(this._loadingResources[e.path])return this._loadingResources[e.path];let s=this.moduleSystem.pluginContainer.hookBail("loadResource",e);return s?s.then(r=>{if(r.success)this.setLoadedResource(e.path);else if(r.retryWithDefaultResourceLoader)return this._load(o,e,t);else throw Error(\`[Farm] Failed to load resource: "\${e.path}, type: \${e.type}". Original Error: \${r.err}\`);}):this._load(o,e,t);}setLoadedResource(e){this._loadedResources[e]=!0;}isResourceLoaded(e){return this._loadedResources[e];}_load(e,t,r){let o=Promise.resolve();return"script"===t.type?o=this._loadScript(e):"link"===t.type&&(o=this._loadLink(e)),this._loadingResources[t.path]=o,o.then(()=>{this._loadedResources[t.path]=!0;}).catch(o=>{if(console.warn(\`[Farm] Failed to load resource "\${e}" using publicPath: \${this.publicPaths[r]}\`),++r<this.publicPaths.length)return this._load(e,t,r);throw Error(\`[Farm] Failed to load resource: "\${t.path}, type: \${t.type}". \${o}\`);}),o;}_loadScript(e){return isBrowser?new Promise((t,r)=>{let o=document.createElement("script");o.src=e,document.body.appendChild(o),o.onload=()=>{t();},o.onerror=e=>{r(e);};}):import(e);}_loadLink(e){return isBrowser?new Promise((t,r)=>{let o=document.createElement("link");o.rel="stylesheet",o.href=e,document.head.appendChild(o),o.onload=()=>{t();},o.onerror=e=>{r(e);};}):Promise.resolve();}}},"ed3f3d30":function  (e,t,n,r){"use strict";function o(e,t){return Object.keys(e).forEach(function(n){"default"===n||Object.prototype.hasOwnProperty.call(t,n)||Object.defineProperty(t,n,{enumerable:!0,get:function(){return e[n];}});}),e;}Object.defineProperty(t,"__esModule",{value:!0}),function(e,t){for(var n in t)Object.defineProperty(e,n,{enumerable:!0,get:t[n]});}(t,{_:function(){return o;},_export_star:function(){return o;}});},"ed7c2b04":function  (e,t,r,i){"use strict";Object.defineProperty(t,"__esModule",{value:!0}),Object.defineProperty(t,"ModuleSystem",{enumerable:!0,get:function(){return p;}});let s=r("d2805128"),o=r("c30e104f"),l=r("d9ce229e"),n=r("b15359af"),u=r("966536f1"),h=r("ed3f3d30"),d=globalThis||window,c={"@swc/helpers/_/_interop_require_default":{default:n._interop_require_default,_:n._interop_require_default},"@swc/helpers/_/_interop_require_wildcard":{default:u._interop_require_wildcard,_:u._interop_require_wildcard},"@swc/helpers/_/_export_star":{default:h._export_star,_:h._export_star}};class p{modules;cache;externalModules;publicPaths;dynamicModuleResourcesMap;resourceLoader;pluginContainer;targetEnv;constructor(){this.modules={},this.cache={},this.publicPaths=[],this.dynamicModuleResourcesMap={},this.resourceLoader=new l.ResourceLoader(this,this.publicPaths),this.pluginContainer=new o.FarmRuntimePluginContainer([]),this.targetEnv=l.targetEnv,this.externalModules={};}require(e,t=!1){if(c[e])return c[e];if(this.cache[e]&&!this.pluginContainer.hookBail("readModuleCache",this.cache[e]))return this.cache[e].exports;let r=this.modules[e];if(!r){if(this.externalModules[e]){let r=this.externalModules[e];return t&&r.default||r;}return("node"===this.targetEnv||!l.isBrowser)&&nodeRequire?nodeRequire(e):(this.pluginContainer.hookSerial("moduleNotFound",e),console.debug(\`[Farm] Module "\${e}" is not registered\`),{});}let i=new s.Module(e,this.require.bind(this));i.resource_pot=r.__farm_resource_pot__,this.pluginContainer.hookSerial("moduleCreated",i),this.cache[e]=i,(globalThis||global||window||{}).require||((globalThis||global||window||{require:undefined}).require=this.require.bind(this));let o=r(i,i.exports,this.require.bind(this),this.farmDynamicRequire.bind(this));return o&&o.then?o.then(()=>(this.pluginContainer.hookSerial("moduleInitialized",i),i.exports)):(this.pluginContainer.hookSerial("moduleInitialized",i),i.exports);}farmDynamicRequire(e){if(this.modules[e]){let t=this.require(e);return t.__farm_async?t.default:Promise.resolve(t);}let t=this.dynamicModuleResourcesMap[e];if(!t||0===t.length)throw Error(\`Dynamic imported module "\${e}" does not belong to any resource\`);return Promise.all(t.map(e=>this.resourceLoader.load(e))).then(()=>{if(!this.modules[e])throw Error(\`Dynamic imported module "\${e}" is not registered.\`);let t=this.require(e);return t.__farm_async?t.default:t;}).catch(t=>{throw console.error(\`[Farm] Error loading dynamic module "\${e}"\`,t),t;});}register(e,t){if(this.modules[e]){console.warn(\`Module "\${e}" has registered! It should not be registered twice\`);return;}this.modules[e]=t;}update(e,t){this.modules[e]=t,this.clearCache(e);}delete(e){return!!this.modules[e]&&(this.clearCache(e),delete this.modules[e],!0);}getModuleUrl(e){let t=this.publicPaths[0]??"";return d.location?\`\${d.location.protocol}//\${d.location.host}\${t.endsWith("/")?t.slice(0,-1):t}/\${this.modules[e].__farm_resource_pot__}\`:this.modules[e].__farm_resource_pot__;}getCache(e){return this.cache[e];}clearCache(e){return!!this.cache[e]&&(delete this.cache[e],!0);}setInitialLoadedResources(e){for(let t of e)this.resourceLoader.setLoadedResource(t);}setDynamicModuleResourcesMap(e){this.dynamicModuleResourcesMap=e;}setPublicPaths(e){this.publicPaths=e,this.resourceLoader.publicPaths=this.publicPaths;}setPlugins(e){this.pluginContainer.plugins=e;}addPlugin(e){this.pluginContainer.plugins.every(t=>t.name!==e.name)&&this.pluginContainer.plugins.push(e);}removePlugin(e){this.pluginContainer.plugins=this.pluginContainer.plugins.filter(t=>t.name!==e);}setExternalModules(e){Object.assign(this.externalModules,e||{});}bootstrap(){this.pluginContainer.hookSerial("bootstrap",this);}}},},"433f8f8e");</script><div id=app-container>{ssr}</div><script data-farm-entry-script=true>(globalThis || window || global)['f081367f80fe14896375a9f8b8918ca3'].__farm_module_system__.setInitialLoadedResources([]);</script><script data-farm-entry-script=true>(globalThis || window || global)['f081367f80fe14896375a9f8b8918ca3'].__farm_module_system__.setDynamicModuleResourcesMap({  });</script><script data-farm-entry-script=true>(globalThis || window || global)['f081367f80fe14896375a9f8b8918ca3'].__farm_module_system__.setPublicPaths(['/']);</script><script data-farm-entry-script=true>(globalThis || window || global)['f081367f80fe14896375a9f8b8918ca3'].__farm_module_system__.bootstrap();</script>"
`;
