---
source: crates/plugin_partial_bundling/src/generate_module_pots.rs
input_file: crates/plugin_partial_bundling/src/generate_module_pots.rs
---
(
    ModulePot {
        name: None,
        id: "src/a.ts",
        size: 10240,
        module_type: Js,
        immutable: false,
        execution_order: 1,
        enforce: false,
        modules: {},
    },
    [
        ModuleId {
            relative_path: "src/a.ts",
            query_string: "",
        },
    ],
)
