---
source: crates/plugin_partial_bundling/src/generate_module_pots.rs
input_file: crates/testing_helpers/src/lib.rs
---
(
    ModulePot {
        name: None,
        id: "utils/c.ts",
        size: 1024,
        module_type: Js,
        immutable: false,
        execution_order: 3,
        modules: {},
    },
    [
        ModuleId {
            relative_path: "utils/c.ts",
            query_string: "",
        },
    ],
)
