---
source: crates/compiler/src/generate/partial_bundling.rs
input_file: crates/compiler/src/generate/partial_bundling.rs
---
(
    (
        "immutable",
        false,
    ),
    (
        "modules",
        [
            ModuleId {
                relative_path: "G",
                query_string: "",
            },
        ],
    ),
    (
        "resource_pot_type",
        Custom(
            "__farm_unknown",
        ),
    ),
    (
        "name",
        "G_333e",
    ),
    (
        "id",
        "G_333e",
    ),
    (
        "entry",
        None,
    ),
    (
        "resources",
        [],
    ),
    (
        "module_groups",
        [
            ModuleId {
                relative_path: "G",
                query_string: "",
            },
        ],
    ),
)
