---
source: crates/compiler/src/update/regenerate_resources/generate_and_diff_resource_pots/test_generate_and_diff_resource_pots.rs
input_file: crates/compiler/src/update/regenerate_resources/generate_and_diff_resource_pots/test_generate_and_diff_resource_pots.rs
---
(
    (
        "immutable",
        false,
    ),
    (
        "modules",
        [
            ModuleId {
                relative_path: "F",
                query_string: "",
            },
            ModuleId {
                relative_path: "H",
                query_string: "",
            },
        ],
    ),
    (
        "resource_pot_type",
        Custom(
            "__farm_unknown",
        ),
    ),
    (
        "name",
        "test",
    ),
    (
        "id",
        "test_custom(\"__farm_unknown\")",
    ),
    (
        "entry",
        None,
    ),
    (
        "resources",
        [],
    ),
    (
        "module_groups",
        [
            ModuleId {
                relative_path: "B",
                query_string: "",
            },
            ModuleId {
                relative_path: "F",
                query_string: "",
            },
        ],
    ),
)
