---
source: crates/compiler/src/update/regenerate_resources/generate_and_diff_resource_pots/test_generate_and_diff_resource_pots.rs
assertion_line: 105
input_file: crates/compiler/src/update/regenerate_resources/generate_and_diff_resource_pots/test_generate_and_diff_resource_pots.rs
---
[
    "test_custom(\"__farm_unknown\")",
    "test_js",
]
