---
source: crates/plugin_partial_bundling/src/merge_module_pots/test_default.rs
input_file: crates/plugin_partial_bundling/src/merge_module_pots/test_default.rs
---
(
    (
        "immutable",
        false,
    ),
    (
        "modules",
        [
            ModuleId {
                relative_path: "B",
                query_string: "",
            },
            ModuleId {
                relative_path: "E",
                query_string: "",
            },
        ],
    ),
    (
        "resource_pot_type",
        Custom(
            "__farm_unknown",
        ),
    ),
    (
        "name",
        "B_2f5d",
    ),
    (
        "id",
        "B_2f5d",
    ),
    (
        "entry",
        None,
    ),
    (
        "resources",
        [],
    ),
    (
        "module_groups",
        [],
    ),
)
