// Vitest Snapshot v1, https://vitest.dev/guide/snapshot.html

exports[`Js Plugin Execution - full 1`] = `
{
  "resourcesMap": {
    "farm_internal_runtime_index.fb49f1e5.js": {
      "bytes": [],
      "code": "var e=global;const t=void 0!==e?e:{};t.require=t.require||i;const r={},o={};var n={r:i,g:function(e,t){return r[e]&&!n._rg?void console.warn(\`Module "\${e}" has registered! It should not be registered twice\`):(r[e]=t,()=>i(e));},m:()=>r,c:()=>o};function i(e){if(o[e]){var t=o[e].initializer||o[e].exports;if(!n.p.b("readModuleCache",o[e]))return t;}let u=r[e];if(!u){if(n.em[e])return n.em[e];{let t=n.p.b("moduleNotFound",e);if(t)return t;}try{return require(e);}catch(e){}return console.debug(\`[Farm] Module "\${e}" is not registered\`),{};}let l=o[e]={id:e,meta:{env:{}},exports:{},require:e=>i(e)};return n.p.s("moduleCreated",l),o[e]=l,u(l,l.exports,i,n.d),n.p.s("moduleInitialized",l),l.exports;}n.em={},n.se=function(e){for(let t in e){let r=e[t];r&&r.default&&!r.__esModule&&(r=Object.assign({},r,{__esModule:!0})),n.em[t]=r;}},(global.f081367f80fe14896375a9f8b8918ca3={}).m=n;let u=[];const l={p:function(e){u=e;},s:function(e,...t){for(let r in u){let o=u[r],n=o[e];n&&n.apply(o,t);}},b:function(e,...t){for(let r in u){let o=u[r],n=o[e];if(n){let e=n.apply(o,t);if(e)return e;}}}};function f(e,t,r){Object.prototype.hasOwnProperty.call(e,t)||Object.defineProperty(e,t,{enumerable:!0,get:r});}n.p=l,n.b=function(){l.s("bootstrap",this);};const a=n.r;a.o=f,a.d=function(e,t,r){f(e,t,function(){return r;});},a._m=function(e){let t="__esModule";e[t]||Object.defineProperty(e,t,{value:!0});},a.i=function(e){return e&&e.__esModule?e:{default:e};},a.f=function(e){return void 0!==e.default?e.default:e;},global.f081367f80fe14896375a9f8b8918ca3.m.p.p([{name:"farm-runtime-import-meta",bootstrap:e=>{},moduleCreated:e=>{}}]);",
      "emitted": true,
      "name": "farm_internal_runtime_index.fb49f1e5.js",
      "nameHash": "",
      "origin": {
        "type": "ResourcePot",
        "value": "farm_internal_runtime_index__dynamic_entry_js",
      },
      "resourceType": "runtime",
      "shouldTransformOutputFilename": false,
      "specialPlaceholders": {},
    },
    "index.mjs": {
      "bytes": [],
      "code": "import { createRequire } from 'module';var require = createRequire(import.meta.url);(function(){var e=global;const t=void 0!==e?e:{};t.require=t.require||i;const r={},o={};var n={r:i,g:function(e,t){return r[e]&&!n._rg?void console.warn(\`Module "\${e}" has registered! It should not be registered twice\`):(r[e]=t,()=>i(e));},m:()=>r,c:()=>o};function i(e){if(o[e]){var t=o[e].initializer||o[e].exports;if(!n.p.b("readModuleCache",o[e]))return t;}let u=r[e];if(!u){if(n.em[e])return n.em[e];{let t=n.p.b("moduleNotFound",e);if(t)return t;}try{return require(e);}catch(e){}return console.debug(\`[Farm] Module "\${e}" is not registered\`),{};}let l=o[e]={id:e,meta:{env:{}},exports:{},require:e=>i(e)};return n.p.s("moduleCreated",l),o[e]=l,u(l,l.exports,i,n.d),n.p.s("moduleInitialized",l),l.exports;}n.em={},n.se=function(e){for(let t in e){let r=e[t];r&&r.default&&!r.__esModule&&(r=Object.assign({},r,{__esModule:!0})),n.em[t]=r;}},(global.f081367f80fe14896375a9f8b8918ca3={}).m=n;let u=[];const l={p:function(e){u=e;},s:function(e,...t){for(let r in u){let o=u[r],n=o[e];n&&n.apply(o,t);}},b:function(e,...t){for(let r in u){let o=u[r],n=o[e];if(n){let e=n.apply(o,t);if(e)return e;}}}};function f(e,t,r){Object.prototype.hasOwnProperty.call(e,t)||Object.defineProperty(e,t,{enumerable:!0,get:r});}n.p=l,n.b=function(){l.s("bootstrap",this);};const a=n.r;a.o=f,a.d=function(e,t,r){f(e,t,function(){return r;});},a._m=function(e){let t="__esModule";e[t]||Object.defineProperty(e,t,{value:!0});},a.i=function(e){return e&&e.__esModule?e:{default:e};},a.f=function(e){return void 0!==e.default?e.default:e;},global.f081367f80fe14896375a9f8b8918ca3.m.p.p([{name:"farm-runtime-import-meta",bootstrap:e=>{},moduleCreated:e=>{}}]);}());!function(a,f){for(var e in f){var c=f[e];a.g(e,c);}}(global.f081367f80fe14896375a9f8b8918ca3.m,{"0ae9e27c":(a,f,e,c)=>{e._m(f),f.default=2;}});var __farm_ms__ = global['f081367f80fe14896375a9f8b8918ca3'].m;__farm_ms__.b();var __farm_entry__=__farm_ms__.r("0ae9e27c");var __farm_entry_default__=__farm_entry__.default;export {__farm_entry_default__ as default};",
      "emitted": false,
      "name": "index.mjs",
      "nameHash": "eab4eb4a846cd9fa318a455919afa864",
      "origin": {
        "type": "ResourcePot",
        "value": "index_eab4eb4a846cd9fa318a455919afa864_js",
      },
      "resourceType": "js",
      "shouldTransformOutputFilename": true,
      "specialPlaceholders": {},
    },
  },
}
`;
